<html>
<body>
<pre>
<h1>µVision Build Log</h1>
<h2>Tool Versions:</h2>
IDE-Version: µVision V5.20.0.0
Copyright (C) 2016 ARM Ltd and ARM Germany GmbH. All rights reserved.
License Information: mo norain, mo, LIC=----
 
Tool Versions:
Toolchain:       MDK-Lite  Version: 5.20
Toolchain Path:  C:\Keil_v5\ARM\ARMCC\Bin
C Compiler:      Armcc.exe V5.06 update 2 (build 183)
Assembler:       Armasm.exe V5.06 update 2 (build 183)
Linker/Locator:  ArmLink.exe V5.06 update 2 (build 183)
Library Manager: ArmAr.exe V5.06 update 2 (build 183)
Hex Converter:   FromElf.exe V5.06 update 2 (build 183)
CPU DLL:         SARMCM3.DLL V5.20
Dialog DLL:      DARMCM1.DLL V1.14.0.0
Target DLL:      STLink\ST-LINKIII-KEIL_SWO.dll V2.0.18.0
Dialog DLL:      TARMCM1.DLL V1.10.0.0
 
<h2>Project:</h2>
C:\Learn\STM32\STM32_MPU6050_Madgwick\MDK-ARM\STM32_MPU6050_Madgwick.uvprojx
Project File Date:  08/25/2017

<h2>Output:</h2>
*** Using Compiler 'V5.06 update 2 (build 183)', folder: 'C:\Keil_v5\ARM\ARMCC\Bin'
Rebuild target 'STM32_MPU6050_Madgwick'
compiling stm32f0xx_hal_tim_ex.c...
compiling system_stm32f0xx.c...
compiling stm32f0xx_hal_gpio.c...
compiling stm32f0xx_hal_flash.c...
compiling stm32f0xx_hal_rcc.c...
compiling stm32f0xx_hal_uart.c...
compiling stm32f0xx_hal_pwr.c...
compiling stm32f0xx_hal_i2c_ex.c...
compiling stm32f0xx_hal_flash_ex.c...
compiling stm32f0xx_hal_cortex.c...
compiling stm32f0xx_hal_tim.c...
compiling stm32f0xx_hal_uart_ex.c...
compiling stm32f0xx_hal_pwr_ex.c...
compiling stm32f0xx_hal_dma.c...
compiling stm32f0xx_hal_i2c.c...
compiling stm32f0xx_hal.c...
compiling stm32f0xx_hal_rcc_ex.c...
compiling usart.c...
compiling stm32f0xx_hal_msp.c...
compiling main.c...
../Src/main.c(123): warning:  #177-D: variable "temper" was declared but never referenced
  	  float temper = mpu1.Temperature;
../Src/main.c(125): warning:  #177-D: variable "g_x" was declared but never referenced
  	  int16_t g_x = mpu1.Gyroscope_X;
../Src/main.c(126): warning:  #177-D: variable "g_y" was declared but never referenced
  	  int16_t g_y = mpu1.Gyroscope_Y;
../Src/main.c(127): warning:  #177-D: variable "g_z" was declared but never referenced
  	  int16_t g_z = mpu1.Gyroscope_Z;
../Src/main.c(130): warning:  #177-D: variable "a_x" was declared but never referenced
  	  int16_t a_x = mpu1.Accelerometer_X;
../Src/main.c(131): warning:  #177-D: variable "a_y" was declared but never referenced
  	  int16_t a_y = mpu1.Accelerometer_Y;
../Src/main.c(132): warning:  #177-D: variable "a_z" was declared but never referenced
  	  int16_t a_z = mpu1.Accelerometer_Z;
../Src/main.c: 7 warnings, 0 errors
compiling gpio.c...
compiling stm32f0xx_it.c...
compiling i2c.c...
assembling startup_stm32f030x8.s...
compiling mpu6050_HAL.c...
linking...
Program Size: Code=7128 RO-data=236 RW-data=12 ZI-data=1244  
"STM32_MPU6050_Madgwick\STM32_MPU6050_Madgwick.axf" - 0 Error(s), 7 Warning(s).

<h2>Software Packages used:</h2>

Package Vendor: ARM
                http://www.keil.com/pack/ARM.CMSIS.4.5.0.pack
                ARM::CMSIS:CORE:4.3.0
                CMSIS (Cortex Microcontroller Software Interface Standard)
   * Component: CORE Version: 4.3.0

<h2>Collection of Component include folders:</h2>
  C:\Learn\STM32\STM32_MPU6050_Madgwick\MDK-ARM\RTE
  C:\Keil_v5\ARM\PACK\ARM\CMSIS\4.5.0\CMSIS\Include
  C:\Keil_v5\ARM\PACK\Keil\STM32F0xx_DFP\1.5.0\Device\Include

<h2>Collection of Component Files used:</h2>

   * Component: ARM::CMSIS:CORE:4.3.0
Build Time Elapsed:  00:00:11
</pre>
</body>
</html>
